[desktop] memory rest {"vw":1440,"vh":900,"firstContentTop":257,"chromePct":28.6,"scrollWidth":1440,"overflowX":false}
[desktop] starters [{"label":"Search memory for architecture, from this page's workspace source","h":44},{"label":"Search memory for retrieval, from this page's workspace source","h":44},{"label":"Search memory for README, from this page's workspace source","h":44},{"label":"Search memory for General, from this page's active profile","h":44}]
[desktop] has 'no search history is kept': true
[desktop] hit destinations rendered: openEditor=false openProfile=false
[desktop] memory hits {"vw":1440,"vh":900,"firstContentTop":335,"chromePct":37.2,"scrollWidth":1440,"overflowX":false}
[desktop] small targets on memory: [{"h":1,"w":1,"cls":"skip-link","text":"Skip to conversation"},{"h":28,"w":201,"cls":"topbar-posture-chip","text":"Browser / Edge runtime4 axes"},{"h":32,"w":131,"cls":"topbar-connect-action","text":"Connect a model"},{"h":34,"w":34,"cls":"icon-button","text":"⌘"},{"h":34,"w":34,"cls":"icon-button","text":"Open Preferences"},{"h":34,"w":34,"cls":"icon-button","text":"Open proof"},{"h":32,"w":28,"cls":"chat-nav-disclosure","text":"›"},{"h":32,"w":28,"cls":"rail-expander","text":"›"},{"h":40,"w":133,"cls":"menu-select-trigger","text":"GEGeneral⌄"},{"h":40,"w":78,"cls":"profile-manage-link","text":"Profiles"},{"h":28,"w":231,"cls":"rail-collapse","text":"‹"}]
[desktop] inspector slot: nothingSelected=false selectANode=true footerHelp=true
[desktop] index strings: sharedMemoryQueryLabel=false nothingSearched=true searchActiveGen=false bootstrapCaveat=true
[desktop] index clipping [{"h":53,"clippedKids":[]},{"h":53,"clippedKids":[]},{"h":52,"clippedKids":[]}]
[desktop] any clipped text nodes on #context: ["Search every memory surface","Searches conversation, profile memory, w","Federated client recall · Results across","178 memory nodes and 763 relationships.","assistant: Airship is running this turn ","assistant: General conversation is a new"]
[desktop] #context {"vw":1440,"vh":900,"firstContentTop":74,"chromePct":8.2,"scrollWidth":1440,"overflowX":false}
[desktop] sessions {"vw":1440,"vh":900,"firstContentTop":282,"chromePct":31.3,"scrollWidth":1440,"overflowX":false}
[desktop] sessions small targets: [{"h":1,"w":1,"cls":"skip-link","text":"Skip to conversation"},{"h":28,"w":201,"cls":"topbar-posture-chip","text":"Browser / Edge runtime4 axes"},{"h":32,"w":131,"cls":"topbar-connect-action","text":"Connect a model"},{"h":34,"w":34,"cls":"icon-button","text":"⌘"},{"h":34,"w":34,"cls":"icon-button","text":"Open Preferences"},{"h":34,"w":34,"cls":"icon-button","text":"Open proof"},{"h":32,"w":28,"cls":"chat-nav-disclosure","text":"›"},{"h":32,"w":28,"cls":"rail-expander","text":"›"},{"h":40,"w":133,"cls":"menu-select-trigger","text":"GEGeneral⌄"},{"h":40,"w":78,"cls":"profile-manage-link","text":"Profiles"},{"h":28,"w":231,"cls":"rail-collapse","text":"‹"},{"h":24,"w":202,"cls":"popover__trigger","text":"Ephemeral · this page only"}]
[desktop] toolbar {"scrollWidth":1154,"clientWidth":1154,"height":66,"toggleVisible":false,"toggleBox":{"w":0,"h":0},"filtersDisplay":"contents","filterMenus":4,"visibleMenus":4}
[desktop] zero-state "No conversation matches “zzqqxx”\n\nSearched every conversation in this journal by title, model, profile and fork source.\n\n6 conversations at the last unfiltered read.\n\nTranscript text is not indexed in this build.\n\nClear filters"
[desktop] out-of-results strip count=1
[desktop] verbs [{"text":"Rename","disabled":true,"cls":""},{"text":"Proof","disabled":false,"cls":""},{"text":"Fork to continue","disabled":true,"cls":"primary"},{"text":"Active session","disabled":true,"cls":""}]
[desktop] detail still shows facts: {"inspector":true,"integrity":true,"transcript":true}
[desktop] marks=2 titles=["Vault probe rerun for the retrieval index","Why does the vault probe fail on Safari?"]
[desktop] tab focus [{"tag":"BUTTON","text":"All providers⌄","outline":"2px rgb(223, 186, 114)","shadow":null,"h":44},{"tag":"BUTTON","text":"All models⌄","outline":"2px rgb(223, 186, 114)","shadow":null,"h":44},{"tag":"BUTTON","text":"All profiles⌄","outline":"2px rgb(223, 186, 114)","shadow":null,"h":44},{"tag":"BUTTON","text":"Recently active⌄","outline":"2px rgb(223, 186, 114)","shadow":null,"h":44},{"tag":"BUTTON","text":"Clear","outline":"2px rgb(223, 186, 114)","shadow":null,"h":44},{"tag":"BUTTON","text":"Refresh","outline":"2px rgb(223, 186, 114)","shadow":null,"h":44},{"tag":"BUTTON","text":"Vault probe rerun for the re","outline":"2px rgb(223, 186, 114)","shadow":null,"h":56},{"tag":"BUTTON","text":"★","outline":"2px rgb(223, 186, 114)","shadow":null,"h":44},{"tag":"BUTTON","text":"Why does the vault probe fai","outline":"2px rgb(223, 186, 114)","shadow":null,"h":56},{"tag":"BUTTON","text":"★","outline":"2px rgb(223, 186, 114)","shadow":null,"h":44},{"tag":"BUTTON","text":"Rename","outline":"2px rgb(223, 186, 114)","shadow":null,"h":42},{"tag":"BUTTON","text":"Proof","outline":"2px rgb(223, 186, 114)","shadow":null,"h":42},{"tag":"BUTTON","text":"Fork to continue","outline":"2px rgb(223, 186, 114)","shadow":null,"h":42},{"tag":"BUTTON","text":"UnfinishedFork required1 rec","outline":"2px rgb(223, 186, 114)","shadow":null,"h":44},{"tag":"SUMMARY","text":"Runtime recordManifest pins ","outline":"2px rgb(223, 186, 114)","shadow":null,"h":48},{"tag":"SUMMARY","text":"1 structural observation","outline":"2px rgb(223, 186, 114)","shadow":null,"h":37},{"tag":"BUTTON","text":"Skip to conversation","outline":"2px rgb(223, 186, 114)","shadow":"rgba(0, 0, 0, 0.22) 0px 16px 45px 0px","h":44},{"tag":"BUTTON","text":"Airship markAirshipedge runt","outline":"2px rgb(223, 186, 114)","shadow":null,"h":57},{"tag":"BUTTON","text":"Browser / Edge runtime4 axes","outline":"2px rgb(223, 186, 114)","shadow":null,"h":28},{"tag":"BUTTON","text":"Connect a model","outline":"2px rgb(223, 186, 114)","shadow":null,"h":32},{"tag":"BUTTON","text":"⌘","outline":"2px rgb(223, 186, 114)","shadow":null,"h":34},{"tag":"BUTTON","text":"Open Preferences","outline":"2px rgb(223, 186, 114)","shadow":null,"h":34},{"tag":"BUTTON","text":"Open proof","outline":"2px rgb(223, 186, 114)","shadow":null,"h":34}]
[phone] memory rest {"vw":430,"vh":740,"firstContentTop":229,"chromePct":30.9,"scrollWidth":430,"overflowX":false}
[phone] starters [{"label":"Search memory for architecture, from this page's workspace source","h":44},{"label":"Search memory for retrieval, from this page's workspace source","h":44},{"label":"Search memory for README, from this page's workspace source","h":44},{"label":"Search memory for General, from this page's active profile","h":44}]
[phone] has 'no search history is kept': true
[phone] hit destinations rendered: openEditor=false openProfile=false
[phone] memory hits {"vw":430,"vh":740,"firstContentTop":307,"chromePct":41.5,"scrollWidth":430,"overflowX":false}
[phone] small targets on memory: [{"h":1,"w":1,"cls":"skip-link","text":"Skip to conversation"}]
[phone] inspector slot: nothingSelected=false selectANode=true footerHelp=true
[phone] index strings: sharedMemoryQueryLabel=false nothingSearched=true searchActiveGen=false bootstrapCaveat=true
[phone] index clipping [{"h":100,"clippedKids":[]},{"h":100,"clippedKids":[]},{"h":99,"clippedKids":[]}]
[phone] any clipped text nodes on #context: ["Search every memory surface","Searches conversation, profile memory, w","Federated client recall · Results across","relationships","178 memory nodes and 763 relationships.","assistant: Airship is running this turn ","assistant: General conversation is a new","workspace sources"]
[phone] #context {"vw":430,"vh":740,"firstContentTop":68,"chromePct":9.1,"scrollWidth":430,"overflowX":false}
[phone] sessions {"vw":430,"vh":740,"firstContentTop":312,"chromePct":42.2,"scrollWidth":430,"overflowX":false}
[phone] sessions small targets: [{"h":1,"w":1,"cls":"skip-link","text":"Skip to conversation"},{"h":37,"w":376,"cls":"","text":"1 structural observation"}]
[phone] toolbar {"scrollWidth":402,"clientWidth":402,"height":68,"toggleVisible":true,"toggleBox":{"w":58,"h":46},"filtersDisplay":"none","filterMenus":4,"visibleMenus":0}
[phone] zero-state "No conversation matches “zzqqxx”\n\nSearched every conversation in this journal by title, model, profile and fork source.\n\n6 conversations at the last unfiltered read.\n\nTranscript text is not indexed in this build.\n\nClear filters"
[phone] out-of-results strip count=1
[phone] verbs [{"text":"Rename","disabled":true,"cls":""},{"text":"Proof","disabled":false,"cls":""},{"text":"Fork to continue","disabled":true,"cls":"primary"},{"text":"Active session","disabled":true,"cls":""}]
[phone] detail still shows facts: {"inspector":true,"integrity":true,"transcript":true}
[phone] marks=2 titles=["Vault probe rerun for the retrieval index","Why does the vault probe fail on Safari?"]
[phone] tab focus [{"tag":"BUTTON","text":"Filters","outline":"2px rgb(223, 186, 114)","shadow":null,"h":46},{"tag":"BUTTON","text":"Clear","outline":"2px rgb(223, 186, 114)","shadow":null,"h":46},{"tag":"BUTTON","text":"Refresh","outline":"2px rgb(223, 186, 114)","shadow":null,"h":46},{"tag":"BUTTON","text":"Vault probe rerun for the re","outline":"2px rgb(223, 186, 114)","shadow":null,"h":56},{"tag":"BUTTON","text":"★","outline":"2px rgb(223, 186, 114)","shadow":null,"h":44},{"tag":"BUTTON","text":"Why does the vault probe fai","outline":"2px rgb(223, 186, 114)","shadow":null,"h":56},{"tag":"BUTTON","text":"★","outline":"2px rgb(223, 186, 114)","shadow":null,"h":44},{"tag":"BUTTON","text":"Rename","outline":"2px rgb(223, 186, 114)","shadow":null,"h":46},{"tag":"BUTTON","text":"Proof","outline":"2px rgb(223, 186, 114)","shadow":null,"h":46},{"tag":"BUTTON","text":"Fork to continue","outline":"2px rgb(223, 186, 114)","shadow":null,"h":46},{"tag":"BUTTON","text":"UnfinishedFork required1 rec","outline":"2px rgb(223, 186, 114)","shadow":null,"h":60},{"tag":"SUMMARY","text":"Runtime recordManifest pins ","outline":"2px rgb(223, 186, 114)","shadow":null,"h":48},{"tag":"SUMMARY","text":"1 structural observation","outline":"2px rgb(223, 186, 114)","shadow":null,"h":37},{"tag":"BUTTON","text":"Chat","outline":"2px rgb(223, 186, 114)","shadow":null,"h":56},{"tag":"BUTTON","text":"Workspace","outline":"2px rgb(223, 186, 114)","shadow":null,"h":56},{"tag":"BUTTON","text":"Trust11 pending proof item","outline":"2px rgb(223, 186, 114)","shadow":null,"h":56},{"tag":"BUTTON","text":"More","outline":"2px rgb(223, 186, 114)","shadow":null,"h":56},{"tag":"BUTTON","text":"Skip to conversation","outline":"2px rgb(223, 186, 114)","shadow":"rgba(0, 0, 0, 0.22) 0px 16px 45px 0px","h":44},{"tag":"BUTTON","text":"Airship markAirshipedge runt","outline":"2px rgb(223, 186, 114)","shadow":null,"h":51},{"tag":"BUTTON","text":"Browser / Edge runtime4 axes","outline":"2px rgb(223, 186, 114)","shadow":null,"h":44},{"tag":"BUTTON","text":"Connect a model","outline":"2px rgb(223, 186, 114)","shadow":null,"h":44},{"tag":"BUTTON","text":"GE⌄","outline":"2px rgb(223, 186, 114)","shadow":null,"h":44},{"tag":"BUTTON","text":"ⓘ","outline":"2px rgb(223, 186, 114)","shadow":null,"h":44}]